Microchip MPLAB XC8 Compiler V1.33 ()

Linker command line:

-W-3 --edf=C:\Program Files (x86)\Microchip\xc8\v1.33\dat\en_msgs.txt -cs \
  -h+dist/default/production\PIC18F45K22.X.production.sym \
  --cmf=dist/default/production\PIC18F45K22.X.production.cmf -z -Q18F45K22 \
  -oC:\Users\KINGDI~1\AppData\Local\Temp\s7uk.6 \
  -Mdist/default/production/PIC18F45K22.X.production.map -E1 -ver=XC8 \
  -ASTACK=01C0h-05ffh -pstack=STACK -ACODE=00h-07FFFh -ACONST=00h-07FFFh \
  -ASMALLCONST=0600h-06FFhx122 -AMEDIUMCONST=0600h-07FFFh -ACOMRAM=01h-05Fh \
  -AABS1=00h-05FFh -ABIGRAM=01h-05FFh -ARAM=060h-0FFh,0100h-01FFhx5 \
  -ABANK0=060h-0FFh -ABANK1=0100h-01FFh -ABANK2=0200h-02FFh \
  -ABANK3=0300h-03FFh -ABANK4=0400h-04FFh -ABANK5=0500h-05FFh \
  -ASFR=0F38h-0F5Fh,0F60h-0FFFh \
  -preset_vec=00h,intcode=08h,intcodelo,powerup,init,end_init \
  -pramtop=0600h -psmallconst=SMALLCONST -pmediumconst=MEDIUMCONST \
  -pconst=CONST -AFARRAM=00h-00h -ACONFIG=0300000h-030000Dh -pconfig=CONFIG \
  -AIDLOC=0200000h-0200007h -pidloc=IDLOC -AEEDATA=0F00000h-0F000FFh \
  -peeprom_data=EEDATA \
  -prdata=COMRAM,nvrram=COMRAM,nvbit=COMRAM,rbss=COMRAM,rbit=COMRAM \
  -pfarbss=FARRAM,fardata=FARRAM,nvFARRAM=FARRAM \
  -pintsave_regs=BIGRAM,bigbss=BIGRAM,bigdata=BIGRAM -pbss=RAM \
  -pidata=CODE,irdata=CODE,ibigdata=CODE,ifardata=CODE \
  C:\Users\KINGDI~1\AppData\Local\Temp\s7uk.obj \
  dist/default/production\PIC18F45K22.X.production.obj 

Object code version is 3.11

Machine type is 18F45K22

Call graph: (short form)




                Name                               Link     Load   Length Selector   Space Scale
C:\Users\KINGDI~1\AppData\Local\Temp\s7uk.obj
                end_init                            296      296        4        4       0
                reset_vec                             0        0        4        0       0
                idloc                            200000   200000        8   200000       0
                config                           300000   300000        E   300000       0
dist/default/production\PIC18F45K22.X.production.obj
                intcode                               8        8      28E        4       0
                smallconst                          600      600       74      300       0
                text27                             1438     1438        2      33A       0
                text26                             1422     1422        8      33A       0
                text25                             1436     1436        2      33A       0
                text24                             141A     141A        8      33A       0
                text23                             1434     1434        2      33A       0
                text22                             1412     1412        8      33A       0
                text20                              FAE      FAE       9A      33A       0
                text19                             120A     120A       52      33A       0
                text18                             115A     115A       5E      33A       0
                text17                             142E     142E        4      33A       0
                text16                             133C     133C       2C      33A       0
                text15                             13D4     13D4       1A      33A       0
                text14                             12AA     12AA       4C      33A       0
                text13                             11B8     11B8       52      33A       0
                text12                             13B4     13B4       20      33A       0
                text11                              BC2      BC2      204      33A       0
                text10                              F00      F00       AE      33A       0
                text9                              10D8     10D8       82      33A       0
                text8                               DC6      DC6      13A      33A       0
                text7                              1368     1368       2A      33A       0
                text6                              1392     1392       22      33A       0
                text5                               674      674      54E      33A       0
                text4                              1048     1048       90      33A       0
                text3                              12F6     12F6       46      33A       0
                text2                              1406     1406        C      33A       0
                text1                              1432     1432        2      33A       0
                text0                              13EE     13EE       18      33A       0
                cstackCOMRAM                         2D       2D       1E        1       1
                cstackBANK0                          EE       EE       11       60       1
                bssBANK1                            100      100       C0      100       1
                bssBANK0                             60       60       8E       60       1
                dataCOMRAM                           4B       4B        4        1       1
                bssCOMRAM                             1        1       2C        1       1
                cinit                              125C     125C       4E      33A       0
                idataCOMRAM                        142A     142A        4      33A       0

TOTAL           Name                               Link     Load   Length     Space
        CLASS   STACK          

        CLASS   CODE           
                end_init                            296      296        4         0
                intcode                               8        8      28E         0
                reset_vec                             0        0        4         0
                text27                             1438     1438        2         0
                text26                             1422     1422        8         0
                text25                             1436     1436        2         0
                text24                             141A     141A        8         0
                text23                             1434     1434        2         0
                text22                             1412     1412        8         0
                text20                              FAE      FAE       9A         0
                text19                             120A     120A       52         0
                text18                             115A     115A       5E         0
                text17                             142E     142E        4         0
                text16                             133C     133C       2C         0
                text15                             13D4     13D4       1A         0
                text14                             12AA     12AA       4C         0
                text13                             11B8     11B8       52         0
                text12                             13B4     13B4       20         0
                text11                              BC2      BC2      204         0
                text10                              F00      F00       AE         0
                text9                              10D8     10D8       82         0
                text8                               DC6      DC6      13A         0
                text7                              1368     1368       2A         0
                text6                              1392     1392       22         0
                text5                               674      674      54E         0
                text4                              1048     1048       90         0
                text3                              12F6     12F6       46         0
                text2                              1406     1406        C         0
                text1                              1432     1432        2         0
                text0                              13EE     13EE       18         0
                cinit                              125C     125C       4E         0
                idataCOMRAM                        142A     142A        4         0

        CLASS   CONST          

        CLASS   SMALLCONST     
                smallconst                          600      600       74         0

        CLASS   MEDIUMCONST    

        CLASS   COMRAM         
                cstackCOMRAM                         2D       2D       1E         1
                dataCOMRAM                           4B       4B        4         1
                bssCOMRAM                             1        1       2C         1

        CLASS   ABS1           

        CLASS   BIGRAM         

        CLASS   RAM            

        CLASS   BANK0          
                cstackBANK0                          EE       EE       11         1
                bssBANK0                             60       60       8E         1

        CLASS   BANK1          
                bssBANK1                            100      100       C0         1

        CLASS   BANK2          

        CLASS   BANK3          

        CLASS   BANK4          

        CLASS   BANK5          

        CLASS   SFR            

        CLASS   FARRAM         

        CLASS   CONFIG         
                config                           300000   300000        E         0

        CLASS   IDLOC          
                idloc                            200000   200000        8         0

        CLASS   EEDATA         



SEGMENTS        Name                           Load    Length   Top    Selector   Space  Class

                reset_vec                      000000  000004  000004         0       0  CODE    
                bssCOMRAM                      000001  00004E  00004F         1       1  COMRAM  
                intcode                        000008  000292  00029A         4       0  CODE    
                bssBANK0                       000060  00009F  0000FF        60       1  BANK0   
                bssBANK1                       000100  0000C0  0001C0       100       1  BANK1   
                smallconst                     000600  000074  000674       300       0  SMALLCON
                text5                          000674  000DC6  00143A       33A       0  CODE    
                idloc                          200000  000008  200008    200000       0  IDLOC   
                config                         300000  00000E  30000E    300000       0  CONFIG  


UNUSED ADDRESS RANGES

        Name                Unused          Largest block    Delta
        BANK0            0000FF-0000FF                1
        BANK1            0001C0-0001FF               40
        BANK2            000200-0002FF              100
        BANK3            000300-0003FF              100
        BANK4            000400-0004FF              100
        BANK5            000500-0005FF              100
        BIGRAM           00004F-00005F               11
                         0000FF-0000FF                1
                         0001C0-0005FF              440
        CODE             000004-000007                4
                         00029A-0005FF              366
                         00143A-007FFF             6BC6
        COMRAM           00004F-00005F               11
        CONST            000004-000007                4
                         00029A-0005FF              366
                         00143A-007FFF             6BC6
        EEDATA           F00000-F000FF              100
        MEDIUMCONST      00143A-007FFF             6BC6
        RAM              0000FF-0000FF                1
                         0001C0-0005FF              100
        SFR              000F38-000FFF               28
        SMALLCONST       00143A-007FFF              100
        STACK            0001C0-0005FF              440

                                  Symbol Table

?___lldiv                      cstackCOMRAM 00003E
?___lwdiv                      cstackCOMRAM 00003E
?_sprintf                      cstackCOMRAM 000045
InterruptHandlerHigh@dd        cstackCOMRAM 00003B
InterruptHandlerHigh@i         cstackCOMRAM 00003D
Serial_begin@speed             cstackBANK0  0000F9
Serial_println@str             cstackCOMRAM 000040
Serial_putc@d                  cstackCOMRAM 00003F
Serial_putc@p                  cstackCOMRAM 00003E
_ADCON0                        (abs)        000FC2
_ADCON0bits                    (abs)        000FC2
_ADCON1                        (abs)        000FC1
_ADCON2                        (abs)        000FC0
_ADRESH                        (abs)        000FC4
_ADRESL                        (abs)        000FC3
_ANSELA                        (abs)        000F38
_ANSELB                        (abs)        000F39
_ANSELC                        (abs)        000F3A
_ANSELD                        (abs)        000F3B
_ANSELE                        (abs)        000F3C
_BAUDCON1bits                  (abs)        000FB8
_BAUDCON2bits                  (abs)        000F70
_CCP1CON                       (abs)        000FBD
_CCP2CON                       (abs)        000F66
_CCP3CON                       (abs)        000F5D
_CCP4CON                       (abs)        000F57
_CCPR1H                        (abs)        000FBF
_CCPR1L                        (abs)        000FBE
_CCPR2H                        (abs)        000F68
_CCPR2L                        (abs)        000F67
_CCPR3H                        (abs)        000F5F
_CCPR3L                        (abs)        000F5E
_CCPR4H                        (abs)        000F59
_CCPR4L                        (abs)        000F58
_CCPTMRS0bits                  (abs)        000F49
_CCPTMRS1bits                  (abs)        000F48
_ECCP1AS                       (abs)        000FB6
_ECCP2AS                       (abs)        000F64
_ECCP3AS                       (abs)        000F5B
_EEADR                         (abs)        000FA9
_EECON1bits                    (abs)        000FA6
_EECON2                        (abs)        000FA7
_EEDATA                        (abs)        000FA8
_Flags                         bssCOMRAM    000001
_HMSec                         dataCOMRAM   00004B
_INT0_CallBack                 text27       001438
_INT0_ISR                      text26       001422
_INT0_InterruptHandler         bssBANK0     0000BA
_INT1_CallBack                 text25       001436
_INT1_ISR                      text24       00141A
_INT1_InterruptHandler         bssBANK0     0000BC
_INT2_CallBack                 text23       001434
_INT2_ISR                      text22       001412
_INT2_InterruptHandler         bssBANK0     0000BE
_INTCON2bits                   (abs)        000FF1
_INTCON3bits                   (abs)        000FF0
_INTCONbits                    (abs)        000FF2
_InterruptHandlerHigh          intcode      000008
_LATA                          (abs)        000F89
_LATAbits                      (abs)        000F89
_LATB                          (abs)        000F8A
_LATBbits                      (abs)        000F8A
_LATC                          (abs)        000F8B
_LATCbits                      (abs)        000F8B
_LATD                          (abs)        000F8C
_LATDbits                      (abs)        000F8C
_LATE                          (abs)        000F8D
_LATEbits                      (abs)        000F8D
_OSCCON                        (abs)        000FD3
_OSCCON2                       (abs)        000FD2
_OSCTUNE                       (abs)        000F9B
_OneSec                        dataCOMRAM   00004C
_PEIE                          (abs)        007F96
_PIE3bits                      (abs)        000FA3
_PIR1bits                      (abs)        000F9E
_PLLRDY                        (abs)        007E97
_PORTAbits                     (abs)        000F80
_PORTBbits                     (abs)        000F81
_PORTCbits                     (abs)        000F82
_PORTDbits                     (abs)        000F83
_PORTEbits                     (abs)        000F84
_PR2                           (abs)        000FBB
_PSTR1CON                      (abs)        000FB9
_PSTR2CON                      (abs)        000F63
_PSTR3CON                      (abs)        000F5A
_PWM1CON                       (abs)        000FB7
_PWM2CON                       (abs)        000F65
_PWM3CON                       (abs)        000F5C
_RC2IE                         (abs)        007D1D
_RC2IF                         (abs)        007D25
_RC2IP                         (abs)        007D2D
_RCIE                          (abs)        007CED
_RCIF                          (abs)        007CF5
_RCIP                          (abs)        007CFD
_RCONbits                      (abs)        000FD0
_RCREG1                        (abs)        000FAE
_RCREG2                        (abs)        000F74
_RCSTA                         (abs)        000FAB
_RCSTA2                        (abs)        000F71
_RCSTA2bits                    (abs)        000F71
_SPBRG1                        (abs)        000FAF
_SPBRG2                        (abs)        000F75
_SPBRGH                        (abs)        000FB0
_SPBRGH2                       (abs)        000F76
_SSP1BUF                       (abs)        000FC9
_SSPADD                        (abs)        000FC8
_SSPCON1bits                   (abs)        000FC6
_SSPCON2                       (abs)        000FC5
_SSPCON2bits                   (abs)        000FC5
_SSPSTATbits                   (abs)        000FC7
_Serial_begin                  text7        001368
_Serial_println                text18       00115A
_Serial_putc                   text19       00120A
_T0CON                         (abs)        000FD5
_T1CON                         (abs)        000FCD
_T1CONbits                     (abs)        000FCD
_T1GCON                        (abs)        000FCC
_T2CON                         (abs)        000FBA
_T2CONbits                     (abs)        000FBA
_TMR0H                         (abs)        000FD7
_TMR0IE                        (abs)        007F95
_TMR0IF                        (abs)        007F92
_TMR0IP                        (abs)        007F8A
_TMR0L                         (abs)        000FD6
_TMR1H                         (abs)        000FCF
_TMR1L                         (abs)        000FCE
_TMR2                          (abs)        000FBC
_TRISAbits                     (abs)        000F92
_TRISBbits                     (abs)        000F93
_TRISCbits                     (abs)        000F94
_TRISDbits                     (abs)        000F95
_TRISEbits                     (abs)        000F96
_TX2IE                         (abs)        007D1C
_TX2IF                         (abs)        007D24
_TX2IP                         (abs)        007D2C
_TXIE                          (abs)        007CEC
_TXIF                          (abs)        007CF4
_TXIP                          (abs)        007CFC
_TXREG                         (abs)        000FAD
_TXREG2                        (abs)        000F73
_TXSTA                         (abs)        000FAC
_TXSTA2                        (abs)        000F72
_Task1                         bssBANK0     0000C0
_Task2                         bssBANK0     0000C1
_Task3                         bssBANK0     0000C2
_Task4                         bssBANK0     0000C3
_Task5                         bssBANK0     0000C4
_Task6                         bssBANK0     0000C5
_Task7                         bssBANK0     0000C6
_Task8                         bssBANK0     0000C7
_TimerArray                    bssBANK0     0000A2
_TimerFlag                     bssCOMRAM    000002
_TmrRxd1                       bssCOMRAM    000003
_TmrRxd2                       bssCOMRAM    000004
_TmrSec                        dataCOMRAM   00004D
_VREFCON0                      (abs)        000F42
__HRAM                         (abs)        000000
__Habs1                        abs1         000000
__Hbank0                       bank0        000000
__Hbank1                       bank1        000000
__Hbank2                       bank2        000000
__Hbank3                       bank3        000000
__Hbank4                       bank4        000000
__Hbank5                       bank5        000000
__Hbigbss                      bigbss       000000
__Hbigdata                     bigdata      000000
__Hbigram                      bigram       000000
__Hbss                         bss          000000
__HbssBANK0                    bssBANK0     000000
__HbssBANK1                    bssBANK1     000000
__HbssCOMRAM                   bssCOMRAM    000000
__Hcinit                       cinit        000000
__Hclrtext                     clrtext      000000
__Hcomram                      comram       000000
__Hconfig                      config       30000E
__Hconst                       const        000000
__HcstackBANK0                 cstackBANK0  000000
__HcstackCOMRAM                cstackCOMRAM 000000
__Hdata                        data         000000
__HdataCOMRAM                  dataCOMRAM   000000
__Heeprom_data                 eeprom_data  000000
__Hend_init                    end_init     00029A
__Hfarbss                      farbss       000000
__Hfardata                     fardata      000000
__Hibigdata                    ibigdata     000000
__Hidata                       idata        000000
__HidataCOMRAM                 idataCOMRAM  000000
__Hidloc                       idloc        200008
__Hifardata                    ifardata     000000
__Hinit                        init         000296
__Hintcode                     intcode      000296
__Hintcode_body                intcode_body 000000
__Hintcodelo                   intcodelo    000296
__Hintentry                    intentry     000000
__Hintret                      intret       000000
__Hintsave_regs                intsave_regs 000000
__Hirdata                      irdata       000000
__Hmediumconst                 mediumconst  000000
__HnvFARRAM                    nvFARRAM     000000
__Hnvbit                       nvbit        000000
__Hnvrram                      nvrram       000000
__Hparam                       rparam       000000
__Hpowerup                     powerup      000296
__Hram                         ram          000000
__Hramtop                      ramtop       000600
__Hrbit                        rbit         000000
__Hrbss                        rbss         000000
__Hrdata                       rdata        000000
__Hreset_vec                   reset_vec    000004
__Hrparam                      rparam       000000
__Hsfr                         sfr          000000
__Hsmallconst                  smallconst   000674
__Hspace_0                     (abs)        30000E
__Hspace_1                     (abs)        0001C0
__Hspace_2                     (abs)        000000
__Hstack                       stack        000000
__Hstruct                      struct       000000
__Htemp                        temp         000000
__Htext                        text         000000
__Htext0                       text0        000000
__Htext1                       text1        000000
__Htext10                      text10       000000
__Htext11                      text11       000000
__Htext12                      text12       000000
__Htext13                      text13       000000
__Htext14                      text14       000000
__Htext15                      text15       000000
__Htext16                      text16       000000
__Htext17                      text17       000000
__Htext18                      text18       000000
__Htext19                      text19       000000
__Htext2                       text2        000000
__Htext20                      text20       000000
__Htext22                      text22       000000
__Htext23                      text23       000000
__Htext24                      text24       000000
__Htext25                      text25       000000
__Htext26                      text26       000000
__Htext27                      text27       000000
__Htext3                       text3        000000
__Htext4                       text4        000000
__Htext5                       text5        000000
__Htext6                       text6        000000
__Htext7                       text7        000000
__Htext8                       text8        000000
__Htext9                       text9        000000
__LRAM                         (abs)        000001
__Labs1                        abs1         000000
__Lbank0                       bank0        000000
__Lbank1                       bank1        000000
__Lbank2                       bank2        000000
__Lbank3                       bank3        000000
__Lbank4                       bank4        000000
__Lbank5                       bank5        000000
__Lbigbss                      bigbss       000000
__Lbigdata                     bigdata      000000
__Lbigram                      bigram       000000
__Lbss                         bss          000000
__LbssBANK0                    bssBANK0     000000
__LbssBANK1                    bssBANK1     000000
__LbssCOMRAM                   bssCOMRAM    000000
__Lcinit                       cinit        000000
__Lclrtext                     clrtext      000000
__Lcomram                      comram       000000
__Lconfig                      config       300000
__Lconst                       const        000000
__LcstackBANK0                 cstackBANK0  000000
__LcstackCOMRAM                cstackCOMRAM 000000
__Ldata                        data         000000
__LdataCOMRAM                  dataCOMRAM   000000
__Leeprom_data                 eeprom_data  000000
__Lend_init                    end_init     000296
__Lfarbss                      farbss       000000
__Lfardata                     fardata      000000
__Libigdata                    ibigdata     000000
__Lidata                       idata        000000
__LidataCOMRAM                 idataCOMRAM  000000
__Lidloc                       idloc        200000
__Lifardata                    ifardata     000000
__Linit                        init         000296
__Lintcode                     intcode      000008
__Lintcode_body                intcode_body 000000
__Lintcodelo                   intcodelo    000296
__Lintentry                    intentry     000000
__Lintret                      intret       000000
__Lintsave_regs                intsave_regs 000000
__Lirdata                      irdata       000000
__Lmediumconst                 mediumconst  000000
__LnvFARRAM                    nvFARRAM     000000
__Lnvbit                       nvbit        000000
__Lnvrram                      nvrram       000000
__Lparam                       rparam       000000
__Lpowerup                     powerup      000296
__Lram                         ram          000000
__Lramtop                      ramtop       000600
__Lrbit                        rbit         000000
__Lrbss                        rbss         000000
__Lrdata                       rdata        000000
__Lreset_vec                   reset_vec    000000
__Lrparam                      rparam       000000
__Lsfr                         sfr          000000
__Lsmallconst                  smallconst   000600
__Lspace_0                     (abs)        000000
__Lspace_1                     (abs)        000000
__Lspace_2                     (abs)        000000
__Lstack                       stack        000000
__Lstruct                      struct       000000
__Ltemp                        temp         000000
__Ltext                        text         000000
__Ltext0                       text0        000000
__Ltext1                       text1        000000
__Ltext10                      text10       000000
__Ltext11                      text11       000000
__Ltext12                      text12       000000
__Ltext13                      text13       000000
__Ltext14                      text14       000000
__Ltext15                      text15       000000
__Ltext16                      text16       000000
__Ltext17                      text17       000000
__Ltext18                      text18       000000
__Ltext19                      text19       000000
__Ltext2                       text2        000000
__Ltext20                      text20       000000
__Ltext22                      text22       000000
__Ltext23                      text23       000000
__Ltext24                      text24       000000
__Ltext25                      text25       000000
__Ltext26                      text26       000000
__Ltext27                      text27       000000
__Ltext3                       text3        000000
__Ltext4                       text4        000000
__Ltext5                       text5        000000
__Ltext6                       text6        000000
__Ltext7                       text7        000000
__Ltext8                       text8        000000
__Ltext9                       text9        000000
__S0                           (abs)        30000E
__S1                           (abs)        0001C0
__S2                           (abs)        000000
___inthi_sp                    stack        000000
___intlo_sp                    stack        000000
___lldiv                       text9        0010D8
___lldiv@counter               cstackCOMRAM 00004A
___lldiv@dividend              cstackCOMRAM 00003E
___lldiv@divisor               cstackCOMRAM 000042
___lldiv@quotient              cstackCOMRAM 000046
___lwdiv                       text13       0011B8
___lwdiv@counter               cstackCOMRAM 000042
___lwdiv@dividend              cstackCOMRAM 00003E
___lwdiv@divisor               cstackCOMRAM 000040
___lwdiv@quotient              cstackCOMRAM 000043
___sp                          stack        000000
__accesstop                    (abs)        000060
__activetblptr                 (abs)        000002
__end_of_INT0_CallBack         text27       00143A
__end_of_INT0_ISR              text26       00142A
__end_of_INT1_CallBack         text25       001438
__end_of_INT1_ISR              text24       001422
__end_of_INT2_CallBack         text23       001436
__end_of_INT2_ISR              text22       00141A
__end_of_InterruptHandlerHigh  intcode      000296
__end_of_Serial_begin          text7        001392
__end_of_Serial_println        text18       0011B8
__end_of_Serial_putc           text19       00125C
__end_of___lldiv               text9        00115A
__end_of___lwdiv               text13       00120A
__end_of__initialization       cinit        0012A0
__end_of__stringdata           smallconst   000673
__end_of_analogInput           text6        0013B4
__end_of_b_i2c_error_flag      text17       001432
__end_of_delay                 text16       001368
__end_of_hexpowers             smallconst   000609
__end_of_i2c_idle              text15       0013EE
__end_of_i2c_init              text4        0010D8
__end_of_i2c_out               text14       0012F6
__end_of_init                  text20       001048
__end_of_isdigit               text12       0013D4
__end_of_loop                  text10       000FAE
__end_of_main                  text0        001406
__end_of_pinMode               text5        000BC2
__end_of_setup                 text3        00133C
__end_of_sprintf               text11       000DC6
__end_of_sync                  text2        001412
__end_of_task                  text1        001434
__end_of_uart_brg_set          text8        000F00
__initialization               cinit        00125C
__mediumconst                  mediumconst  000000
__pbssBANK0                    bssBANK0     000060
__pbssBANK1                    bssBANK1     000100
__pbssCOMRAM                   bssCOMRAM    000001
__pcinit                       cinit        00125C
__pcstackBANK0                 cstackBANK0  0000EE
__pcstackCOMRAM                cstackCOMRAM 00002D
__pdataCOMRAM                  dataCOMRAM   00004B
__pidataCOMRAM                 idataCOMRAM  00142A
__pintcode                     intcode      000008
__psmallconst                  smallconst   000600
__ptext0                       text0        0013EE
__ptext1                       text1        001432
__ptext10                      text10       000F00
__ptext11                      text11       000BC2
__ptext12                      text12       0013B4
__ptext13                      text13       0011B8
__ptext14                      text14       0012AA
__ptext15                      text15       0013D4
__ptext16                      text16       00133C
__ptext17                      text17       00142E
__ptext18                      text18       00115A
__ptext19                      text19       00120A
__ptext2                       text2        001406
__ptext20                      text20       000FAE
__ptext22                      text22       001412
__ptext23                      text23       001434
__ptext24                      text24       00141A
__ptext25                      text25       001436
__ptext26                      text26       001422
__ptext27                      text27       001438
__ptext3                       text3        0012F6
__ptext4                       text4        001048
__ptext5                       text5        000674
__ptext6                       text6        001392
__ptext7                       text7        001368
__ptext8                       text8        000DC6
__ptext9                       text9        0010D8
__ramtop                       ramtop       000600
__size_of_INT0_CallBack        (abs)        000000
__size_of_INT0_ISR             (abs)        000000
__size_of_INT1_CallBack        (abs)        000000
__size_of_INT1_ISR             (abs)        000000
__size_of_INT2_CallBack        (abs)        000000
__size_of_INT2_ISR             (abs)        000000
__size_of_InterruptHandlerHigh (abs)        000000
__size_of_Serial_begin         (abs)        000000
__size_of_Serial_println       (abs)        000000
__size_of_Serial_putc          (abs)        000000
__size_of___lldiv              (abs)        000000
__size_of___lwdiv              (abs)        000000
__size_of_analogInput          (abs)        000000
__size_of_b_i2c_error_flag     (abs)        000000
__size_of_delay                (abs)        000000
__size_of_i2c_idle             (abs)        000000
__size_of_i2c_init             (abs)        000000
__size_of_i2c_out              (abs)        000000
__size_of_init                 (abs)        000000
__size_of_isdigit              (abs)        000000
__size_of_loop                 (abs)        000000
__size_of_main                 (abs)        000000
__size_of_pinMode              (abs)        000000
__size_of_setup                (abs)        000000
__size_of_sprintf              (abs)        000000
__size_of_sync                 (abs)        000000
__size_of_task                 (abs)        000000
__size_of_uart_brg_set         (abs)        000000
__smallconst                   smallconst   000600
__stringdata                   smallconst   000609
_analogInput                   text6        001392
_b_i2c_error_flag              text17       00142E
_buf                           bssBANK0     0000CE
_delay                         text16       00133C
_hexpowers                     smallconst   000601
_i2c_error_flag                bssCOMRAM    000005
_i2c_idle                      text15       0013D4
_i2c_init                      text4        001048
_i2c_out                       text14       0012AA
_init                          text20       000FAE
_isdigit                       text12       0013B4
_isdigit$3872                  cstackCOMRAM 00003F
_keypad_col1                   bssCOMRAM    000006
_keypad_col2                   bssCOMRAM    000007
_keypad_col3                   bssCOMRAM    000008
_keypad_col4                   bssCOMRAM    000009
_keypad_mode                   bssCOMRAM    00000A
_keypad_row1                   bssCOMRAM    00000B
_keypad_row2                   bssCOMRAM    00000C
_keypad_row3                   bssCOMRAM    00000D
_keypad_row4                   bssCOMRAM    00000E
_kstate                        bssCOMRAM    00000F
_lcd_cols                      bssBANK0     0000C8
_lcd_d0                        bssCOMRAM    000010
_lcd_d1                        bssCOMRAM    000011
_lcd_d2                        bssCOMRAM    000012
_lcd_d3                        bssCOMRAM    000013
_lcd_d4                        bssCOMRAM    000014
_lcd_d5                        bssCOMRAM    000015
_lcd_d6                        bssCOMRAM    000016
_lcd_d7                        bssCOMRAM    000017
_lcd_disp                      dataCOMRAM   00004E
_lcd_en                        bssCOMRAM    000018
_lcd_mode                      bssCOMRAM    000019
_lcd_rows                      bssBANK0     0000C9
_lcd_rs                        bssCOMRAM    00001A
_lcd_temp                      bssBANK0     0000CA
_loop                          text10       000F00
_main                          text0        0013EE
_pinMode                       text5        000674
_setup                         text3        0012F6
_spi_mode                      bssCOMRAM    00001B
_sprintf                       text11       000BC2
_sync                          text2        001406
_sysTick                       bssBANK0     0000B6
_task                          text1        001432
_uart1_cr_cnt                  bssCOMRAM    00001C
_uart1_lf_cnt                  bssCOMRAM    00001D
_uart1_rx_char                 bssCOMRAM    00001E
_uart1_rx_cnt                  bssCOMRAM    00001F
_uart1_rx_pos                  bssCOMRAM    000020
_uart1_rx_ready                bssCOMRAM    000021
_uart1_rxbuf                   bssBANK1     000100
_uart1_tx_cnt                  bssCOMRAM    000022
_uart1_tx_pos                  bssCOMRAM    000023
_uart1_txbuf                   bssBANK0     000060
_uart2_cr_cnt                  bssCOMRAM    000024
_uart2_lf_cnt                  bssCOMRAM    000025
_uart2_rx_char                 bssCOMRAM    000026
_uart2_rx_cnt                  bssCOMRAM    000027
_uart2_rx_pos                  bssCOMRAM    000028
_uart2_rx_ready                bssBANK0     0000CB
_uart2_rxbuf                   bssBANK1     000160
_uart2_tx_cnt                  bssCOMRAM    000029
_uart2_tx_pos                  bssCOMRAM    00002A
_uart2_txbuf                   bssBANK0     000081
_uart_brg_set                  text8        000DC6
analogInput@ANx                cstackCOMRAM 000040
analogInput@d                  cstackCOMRAM 000041
delay@i                        cstackCOMRAM 000040
delay@ms                       cstackCOMRAM 00003E
end_of_initialization          cinit        0012A0
i2c_init@c                     cstackBANK0  0000EE
i2c_out@data                   cstackCOMRAM 00003F
i2c_out@slave_address          cstackCOMRAM 000040
init@i                         cstackCOMRAM 00003E
intlevel0                      text         000000
intlevel1                      text         000000
intlevel2                      text         000000
intlevel3                      text         000000
isdigit@c                      cstackCOMRAM 000040
keypadRead@keyNew              bssCOMRAM    00002B
keypadRead@keyOld              bssCOMRAM    00002C
loop@address                   cstackBANK0  0000FE
loop@error                     cstackBANK0  0000FB
loop@nDevices                  cstackBANK0  0000FC
pinMode@mode                   cstackCOMRAM 000042
pinMode@pin                    cstackCOMRAM 000043
sprintf@_val                   cstackBANK0  0000F4
sprintf@ap                     cstackBANK0  0000F2
sprintf@c                      cstackBANK0  0000FA
sprintf@f                      cstackCOMRAM 000047
sprintf@flag                   cstackBANK0  0000F0
sprintf@idx                    cstackBANK0  0000F1
sprintf@prec                   cstackBANK0  0000F9
sprintf@sp                     cstackCOMRAM 000045
stackhi                        (abs)        0005FF
stacklo                        (abs)        0001C0
start                          init         000296
start_initialization           cinit        00125C
uart_brg_set@brgh              cstackBANK0  0000F8
uart_brg_set@brgl              cstackBANK0  0000F7
uart_brg_set@com               cstackBANK0  0000F6
uart_brg_set@speed             cstackBANK0  0000EE


FUNCTION INFORMATION:

 *************** function _main *****************
 Defined at:
		line 447 in file "picuno.c"
 Parameters:    Size  Location     Type
		None
 Auto vars:     Size  Location     Type
		None
 Return value:  Size  Location     Type
		None               void
 Registers used:
		wreg, fsr0l, fsr0h, fsr2l, fsr2h, status,2, status,0, tblptrl, tblptrh, tblptru, prodl, prodh, cstack
 Tracked objects:
		On entry : 
		On exit  : 
		Unchanged: 
 Data sizes:     COMRAM   BANK0   BANK1   BANK2   BANK3   BANK4   BANK5
      Params:         0       0       0       0       0       0       0
      Locals:         0       0       0       0       0       0       0
      Temps:          0       0       0       0       0       0       0
      Totals:         0       0       0       0       0       0       0
Total ram usage:        0 bytes
 Hardware stack levels required when called:    7
 This function calls:
		_init
		_loop
		_setup
		_sync
		_task
 This function is called by:
		Startup code after reset
 This function uses a non-reentrant model


 *************** function _task *****************
 Defined at:
		line 419 in file "picuno.c"
 Parameters:    Size  Location     Type
		None
 Auto vars:     Size  Location     Type
		None
 Return value:  Size  Location     Type
		None               void
 Registers used:
		None
 Tracked objects:
		On entry : 
		On exit  : 
		Unchanged: 
 Data sizes:     COMRAM   BANK0   BANK1   BANK2   BANK3   BANK4   BANK5
      Params:         0       0       0       0       0       0       0
      Locals:         0       0       0       0       0       0       0
      Temps:          0       0       0       0       0       0       0
      Totals:         0       0       0       0       0       0       0
Total ram usage:        0 bytes
 Hardware stack levels used:    1
 Hardware stack levels required when called:    3
 This function calls:
		Nothing
 This function is called by:
		_main
 This function uses a non-reentrant model


 *************** function _sync *****************
 Defined at:
		line 280 in file "picuno.c"
 Parameters:    Size  Location     Type
		None
 Auto vars:     Size  Location     Type
		None
 Return value:  Size  Location     Type
		None               void
 Registers used:
		None
 Tracked objects:
		On entry : 
		On exit  : 
		Unchanged: 
 Data sizes:     COMRAM   BANK0   BANK1   BANK2   BANK3   BANK4   BANK5
      Params:         0       0       0       0       0       0       0
      Locals:         0       0       0       0       0       0       0
      Temps:          0       0       0       0       0       0       0
      Totals:         0       0       0       0       0       0       0
Total ram usage:        0 bytes
 Hardware stack levels used:    1
 Hardware stack levels required when called:    3
 This function calls:
		Nothing
 This function is called by:
		_main
 This function uses a non-reentrant model


 *************** function _setup *****************
 Defined at:
		line 5 in file "i2c_scanner.c"
 Parameters:    Size  Location     Type
		None
 Auto vars:     Size  Location     Type
		None
 Return value:  Size  Location     Type
		None               void
 Registers used:
		wreg, fsr0l, fsr0h, fsr2l, fsr2h, status,2, status,0, tblptrl, tblptrh, tblptru, prodl, prodh, cstack
 Tracked objects:
		On entry : 
		On exit  : 
		Unchanged: 
 Data sizes:     COMRAM   BANK0   BANK1   BANK2   BANK3   BANK4   BANK5
      Params:         0       0       0       0       0       0       0
      Locals:         0       0       0       0       0       0       0
      Temps:          0       0       0       0       0       0       0
      Totals:         0       0       0       0       0       0       0
Total ram usage:        0 bytes
 Hardware stack levels used:    1
 Hardware stack levels required when called:    6
 This function calls:
		_Serial_begin
		_Serial_println
		_i2c_init
 This function is called by:
		_main
 This function uses a non-reentrant model


 *************** function _i2c_init *****************
 Defined at:
		line 2618 in file "picuno.c"
 Parameters:    Size  Location     Type
  c               4    0[BANK0 ] unsigned long 
 Auto vars:     Size  Location     Type
		None
 Return value:  Size  Location     Type
		None               void
 Registers used:
		wreg, status,2, status,0, cstack
 Tracked objects:
		On entry : 
		On exit  : 
		Unchanged: 
 Data sizes:     COMRAM   BANK0   BANK1   BANK2   BANK3   BANK4   BANK5
      Params:         0       4       0       0       0       0       0
      Locals:         0       0       0       0       0       0       0
      Temps:          0       8       0       0       0       0       0
      Totals:         0      12       0       0       0       0       0
Total ram usage:       12 bytes
 Hardware stack levels used:    1
 Hardware stack levels required when called:    5
 This function calls:
		___lldiv
		_pinMode
 This function is called by:
		_setup
		_lcd_i2c
 This function uses a non-reentrant model


 *************** function _pinMode *****************
 Defined at:
		line 494 in file "picuno.c"
 Parameters:    Size  Location     Type
  pin             1    wreg     unsigned char 
  mode            1   21[COMRAM] unsigned char 
 Auto vars:     Size  Location     Type
  pin             1   22[COMRAM] unsigned char 
 Return value:  Size  Location     Type
		None               void
 Registers used:
		wreg, status,2, status,0, cstack
 Tracked objects:
		On entry : 
		On exit  : 
		Unchanged: 
 Data sizes:     COMRAM   BANK0   BANK1   BANK2   BANK3   BANK4   BANK5
      Params:         1       0       0       0       0       0       0
      Locals:         1       0       0       0       0       0       0
      Temps:          0       0       0       0       0       0       0
      Totals:         2       0       0       0       0       0       0
Total ram usage:        2 bytes
 Hardware stack levels used:    1
 Hardware stack levels required when called:    4
 This function calls:
		_analogInput
 This function is called by:
		_i2c_init
		_pulseIn
		_keypad_begin34
		_keypad_begin44
		_lcd_init4
		_lcd_init8
		_pwm_on
 This function uses a non-reentrant model


 *************** function _analogInput *****************
 Defined at:
		line 466 in file "picuno.c"
 Parameters:    Size  Location     Type
  ANx             1    wreg     unsigned char 
 Auto vars:     Size  Location     Type
  ANx             1   19[COMRAM] unsigned char 
  d               1   20[COMRAM] unsigned char 
 Return value:  Size  Location     Type
		None               void
 Registers used:
		wreg, status,2, status,0
 Tracked objects:
		On entry : 
		On exit  : 
		Unchanged: 
 Data sizes:     COMRAM   BANK0   BANK1   BANK2   BANK3   BANK4   BANK5
      Params:         0       0       0       0       0       0       0
      Locals:         2       0       0       0       0       0       0
      Temps:          2       0       0       0       0       0       0
      Totals:         4       0       0       0       0       0       0
Total ram usage:        4 bytes
 Hardware stack levels used:    1
 Hardware stack levels required when called:    3
 This function calls:
		Nothing
 This function is called by:
		_pinMode
 This function uses a non-reentrant model


 *************** function _Serial_begin *****************
 Defined at:
		line 2076 in file "picuno.c"
 Parameters:    Size  Location     Type
  speed           4   11[BANK0 ] unsigned long 
 Auto vars:     Size  Location     Type
		None
 Return value:  Size  Location     Type
		None               void
 Registers used:
		wreg, status,2, status,0, cstack
 Tracked objects:
		On entry : 
		On exit  : 
		Unchanged: 
 Data sizes:     COMRAM   BANK0   BANK1   BANK2   BANK3   BANK4   BANK5
      Params:         0       4       0       0       0       0       0
      Locals:         0       0       0       0       0       0       0
      Temps:          0       0       0       0       0       0       0
      Totals:         0       4       0       0       0       0       0
Total ram usage:        4 bytes
 Hardware stack levels used:    1
 Hardware stack levels required when called:    5
 This function calls:
		_uart_brg_set
 This function is called by:
		_setup
 This function uses a non-reentrant model


 *************** function _uart_brg_set *****************
 Defined at:
		line 2047 in file "picuno.c"
 Parameters:    Size  Location     Type
  com             1    wreg     unsigned char 
  speed           4    0[BANK0 ] unsigned long 
 Auto vars:     Size  Location     Type
  com             1    8[BANK0 ] unsigned char 
  brgh            1   10[BANK0 ] unsigned char 
  brgl            1    9[BANK0 ] unsigned char 
 Return value:  Size  Location     Type
		None               void
 Registers used:
		wreg, status,2, status,0, cstack
 Tracked objects:
		On entry : 
		On exit  : 
		Unchanged: 
 Data sizes:     COMRAM   BANK0   BANK1   BANK2   BANK3   BANK4   BANK5
      Params:         0       4       0       0       0       0       0
      Locals:         0       3       0       0       0       0       0
      Temps:          0       4       0       0       0       0       0
      Totals:         0      11       0       0       0       0       0
Total ram usage:       11 bytes
 Hardware stack levels used:    1
 Hardware stack levels required when called:    4
 This function calls:
		___lldiv
 This function is called by:
		_Serial_begin
		_Serial2_begin
 This function uses a non-reentrant model


 *************** function ___lldiv *****************
 Defined at:
		line 8 in file "C:\Program Files (x86)\Microchip\xc8\v1.33\sources\common\lldiv.c"
 Parameters:    Size  Location     Type
  dividend        4   17[COMRAM] unsigned long 
  divisor         4   21[COMRAM] unsigned long 
 Auto vars:     Size  Location     Type
  quotient        4   25[COMRAM] unsigned long 
  counter         1   29[COMRAM] unsigned char 
 Return value:  Size  Location     Type
                  4   17[COMRAM] unsigned long 
 Registers used:
		wreg, status,2, status,0
 Tracked objects:
		On entry : 
		On exit  : 
		Unchanged: 
 Data sizes:     COMRAM   BANK0   BANK1   BANK2   BANK3   BANK4   BANK5
      Params:         8       0       0       0       0       0       0
      Locals:         5       0       0       0       0       0       0
      Temps:          0       0       0       0       0       0       0
      Totals:        13       0       0       0       0       0       0
Total ram usage:       13 bytes
 Hardware stack levels used:    1
 Hardware stack levels required when called:    3
 This function calls:
		Nothing
 This function is called by:
		_uart_brg_set
		_i2c_init
		_timerSet
 This function uses a non-reentrant model


 *************** function _loop *****************
 Defined at:
		line 10 in file "i2c_scanner.c"
 Parameters:    Size  Location     Type
		None
 Auto vars:     Size  Location     Type
  nDevices        2   14[BANK0 ] int 
  address         1   16[BANK0 ] unsigned char 
  error           1   13[BANK0 ] unsigned char 
 Return value:  Size  Location     Type
		None               void
 Registers used:
		wreg, fsr0l, fsr0h, fsr2l, fsr2h, status,2, status,0, tblptrl, tblptrh, tblptru, prodl, prodh, cstack
 Tracked objects:
		On entry : 
		On exit  : 
		Unchanged: 
 Data sizes:     COMRAM   BANK0   BANK1   BANK2   BANK3   BANK4   BANK5
      Params:         0       0       0       0       0       0       0
      Locals:         0       4       0       0       0       0       0
      Temps:          0       0       0       0       0       0       0
      Totals:         0       4       0       0       0       0       0
Total ram usage:        4 bytes
 Hardware stack levels used:    1
 Hardware stack levels required when called:    5
 This function calls:
		_Serial_println
		_b_i2c_error_flag
		_delay
		_i2c_out
		_sprintf
 This function is called by:
		_main
 This function uses a non-reentrant model


 *************** function _sprintf *****************
 Defined at:
		line 492 in file "C:\Program Files (x86)\Microchip\xc8\v1.33\sources\common\doprnt.c"
 Parameters:    Size  Location     Type
  sp              2   24[COMRAM] PTR unsigned char 
		 -> buf(32), 
  f               2   26[COMRAM] PTR const unsigned char 
		 -> STR_3(36), 
 Auto vars:     Size  Location     Type
  idx             1    3[BANK0 ] unsigned char 
  _val            5    6[BANK0 ] struct .
  ap              2    4[BANK0 ] PTR void [1]
		 -> ?_sprintf(2), 
  c               1   12[BANK0 ] char 
  prec            1   11[BANK0 ] char 
  flag            1    2[BANK0 ] unsigned char 
 Return value:  Size  Location     Type
                  2   24[COMRAM] int 
 Registers used:
		wreg, fsr2l, fsr2h, status,2, status,0, tblptrl, tblptrh, tblptru, prodl, prodh, cstack
 Tracked objects:
		On entry : 
		On exit  : 
		Unchanged: 
 Data sizes:     COMRAM   BANK0   BANK1   BANK2   BANK3   BANK4   BANK5
      Params:         6       0       0       0       0       0       0
      Locals:         0      11       0       0       0       0       0
      Temps:          0       2       0       0       0       0       0
      Totals:         6      13       0       0       0       0       0
Total ram usage:       19 bytes
 Hardware stack levels used:    1
 Hardware stack levels required when called:    4
 This function calls:
		___lwdiv
		_isdigit
 This function is called by:
		_loop
 This function uses a non-reentrant model


 *************** function _isdigit *****************
 Defined at:
		line 8 in file "C:\Program Files (x86)\Microchip\xc8\v1.33\sources\common\isdigit.c"
 Parameters:    Size  Location     Type
  c               1    wreg     unsigned char 
 Auto vars:     Size  Location     Type
  c               1   19[COMRAM] unsigned char 
 Return value:  Size  Location     Type
		None               void
 Registers used:
		wreg, status,2, status,0
 Tracked objects:
		On entry : 
		On exit  : 
		Unchanged: 
 Data sizes:     COMRAM   BANK0   BANK1   BANK2   BANK3   BANK4   BANK5
      Params:         0       0       0       0       0       0       0
      Locals:         2       0       0       0       0       0       0
      Temps:          1       0       0       0       0       0       0
      Totals:         3       0       0       0       0       0       0
Total ram usage:        3 bytes
 Hardware stack levels used:    1
 Hardware stack levels required when called:    3
 This function calls:
		Nothing
 This function is called by:
		_sprintf
 This function uses a non-reentrant model


 *************** function ___lwdiv *****************
 Defined at:
		line 8 in file "C:\Program Files (x86)\Microchip\xc8\v1.33\sources\common\lwdiv.c"
 Parameters:    Size  Location     Type
  dividend        2   17[COMRAM] unsigned int 
  divisor         2   19[COMRAM] unsigned int 
 Auto vars:     Size  Location     Type
  quotient        2   22[COMRAM] unsigned int 
  counter         1   21[COMRAM] unsigned char 
 Return value:  Size  Location     Type
                  2   17[COMRAM] unsigned int 
 Registers used:
		wreg, status,2, status,0
 Tracked objects:
		On entry : 
		On exit  : 
		Unchanged: 
 Data sizes:     COMRAM   BANK0   BANK1   BANK2   BANK3   BANK4   BANK5
      Params:         4       0       0       0       0       0       0
      Locals:         3       0       0       0       0       0       0
      Temps:          0       0       0       0       0       0       0
      Totals:         7       0       0       0       0       0       0
Total ram usage:        7 bytes
 Hardware stack levels used:    1
 Hardware stack levels required when called:    3
 This function calls:
		Nothing
 This function is called by:
		_sprintf
		_lcd_puti
		_Serial_puti
		_Serial2_puti
 This function uses a non-reentrant model


 *************** function _i2c_out *****************
 Defined at:
		line 2659 in file "picuno.c"
 Parameters:    Size  Location     Type
  slave_addres    1    wreg     unsigned char 
  data            1   18[COMRAM] unsigned char 
 Auto vars:     Size  Location     Type
  slave_addres    1   19[COMRAM] unsigned char 
 Return value:  Size  Location     Type
		None               void
 Registers used:
		wreg, status,2, status,0, cstack
 Tracked objects:
		On entry : 
		On exit  : 
		Unchanged: 
 Data sizes:     COMRAM   BANK0   BANK1   BANK2   BANK3   BANK4   BANK5
      Params:         1       0       0       0       0       0       0
      Locals:         1       0       0       0       0       0       0
      Temps:          0       0       0       0       0       0       0
      Totals:         2       0       0       0       0       0       0
Total ram usage:        2 bytes
 Hardware stack levels used:    1
 Hardware stack levels required when called:    4
 This function calls:
		_i2c_idle
 This function is called by:
		_loop
		_e_pulse
		_lcd_putdata
		_lcd_putc
		_lcd_begin
 This function uses a non-reentrant model


 *************** function _i2c_idle *****************
 Defined at:
		line 2652 in file "picuno.c"
 Parameters:    Size  Location     Type
		None
 Auto vars:     Size  Location     Type
		None
 Return value:  Size  Location     Type
		None               void
 Registers used:
		wreg, status,2, status,0
 Tracked objects:
		On entry : 
		On exit  : 
		Unchanged: 
 Data sizes:     COMRAM   BANK0   BANK1   BANK2   BANK3   BANK4   BANK5
      Params:         0       0       0       0       0       0       0
      Locals:         0       0       0       0       0       0       0
      Temps:          1       0       0       0       0       0       0
      Totals:         1       0       0       0       0       0       0
Total ram usage:        1 bytes
 Hardware stack levels used:    1
 Hardware stack levels required when called:    3
 This function calls:
		Nothing
 This function is called by:
		_i2c_out
		_i2c_write
		_i2c_read
 This function uses a non-reentrant model


 *************** function _delay *****************
 Defined at:
		line 295 in file "picuno.c"
 Parameters:    Size  Location     Type
  ms              2   17[COMRAM] unsigned int 
 Auto vars:     Size  Location     Type
  i               2   19[COMRAM] unsigned int 
 Return value:  Size  Location     Type
		None               void
 Registers used:
		wreg, status,2, status,0
 Tracked objects:
		On entry : 
		On exit  : 
		Unchanged: 
 Data sizes:     COMRAM   BANK0   BANK1   BANK2   BANK3   BANK4   BANK5
      Params:         2       0       0       0       0       0       0
      Locals:         2       0       0       0       0       0       0
      Temps:          0       0       0       0       0       0       0
      Totals:         4       0       0       0       0       0       0
Total ram usage:        4 bytes
 Hardware stack levels used:    1
 Hardware stack levels required when called:    3
 This function calls:
		Nothing
 This function is called by:
		_loop
		_lcd_begin
 This function uses a non-reentrant model


 *************** function _b_i2c_error_flag *****************
 Defined at:
		line 2647 in file "picuno.c"
 Parameters:    Size  Location     Type
		None
 Auto vars:     Size  Location     Type
		None
 Return value:  Size  Location     Type
                  1    wreg      unsigned char 
 Registers used:
		wreg, status,2
 Tracked objects:
		On entry : 
		On exit  : 
		Unchanged: 
 Data sizes:     COMRAM   BANK0   BANK1   BANK2   BANK3   BANK4   BANK5
      Params:         0       0       0       0       0       0       0
      Locals:         0       0       0       0       0       0       0
      Temps:          0       0       0       0       0       0       0
      Totals:         0       0       0       0       0       0       0
Total ram usage:        0 bytes
 Hardware stack levels used:    1
 Hardware stack levels required when called:    3
 This function calls:
		Nothing
 This function is called by:
		_loop
 This function uses a non-reentrant model


 *************** function _Serial_println *****************
 Defined at:
		line 2171 in file "picuno.c"
 Parameters:    Size  Location     Type
  str             2   19[COMRAM] PTR const unsigned char 
		 -> STR_5(6), STR_4(22), buf(32), STR_2(12), 
		 -> STR_1(13), 
 Auto vars:     Size  Location     Type
		None
 Return value:  Size  Location     Type
		None               void
 Registers used:
		wreg, fsr0l, fsr0h, fsr2l, fsr2h, status,2, status,0, tblptrl, tblptrh, tblptru, prodl, prodh, cstack
 Tracked objects:
		On entry : 
		On exit  : 
		Unchanged: 
 Data sizes:     COMRAM   BANK0   BANK1   BANK2   BANK3   BANK4   BANK5
      Params:         2       0       0       0       0       0       0
      Locals:         0       0       0       0       0       0       0
      Temps:          0       0       0       0       0       0       0
      Totals:         2       0       0       0       0       0       0
Total ram usage:        2 bytes
 Hardware stack levels used:    1
 Hardware stack levels required when called:    4
 This function calls:
		_Serial_putc
 This function is called by:
		_setup
		_loop
 This function uses a non-reentrant model


 *************** function _Serial_putc *****************
 Defined at:
		line 2105 in file "picuno.c"
 Parameters:    Size  Location     Type
  d               1    wreg     unsigned char 
 Auto vars:     Size  Location     Type
  d               1   18[COMRAM] unsigned char 
  p               1   17[COMRAM] unsigned char 
 Return value:  Size  Location     Type
		None               void
 Registers used:
		wreg, fsr2l, fsr2h, status,2, status,0, prodl, prodh
 Tracked objects:
		On entry : 
		On exit  : 
		Unchanged: 
 Data sizes:     COMRAM   BANK0   BANK1   BANK2   BANK3   BANK4   BANK5
      Params:         0       0       0       0       0       0       0
      Locals:         2       0       0       0       0       0       0
      Temps:          0       0       0       0       0       0       0
      Totals:         2       0       0       0       0       0       0
Total ram usage:        2 bytes
 Hardware stack levels used:    1
 Hardware stack levels required when called:    3
 This function calls:
		Nothing
 This function is called by:
		_Serial_println
		_Serial_crlf
		_Serial_puth
		_Serial_puti
		_Serial_print
		_Serial_write
		_Serial_writeln
 This function uses a non-reentrant model


 *************** function _init *****************
 Defined at:
		line 187 in file "picuno.c"
 Parameters:    Size  Location     Type
		None
 Auto vars:     Size  Location     Type
  i               1   17[COMRAM] unsigned char 
 Return value:  Size  Location     Type
		None               void
 Registers used:
		wreg, fsr2l, fsr2h, status,2, status,0, prodl, prodh
 Tracked objects:
		On entry : 
		On exit  : 
		Unchanged: 
 Data sizes:     COMRAM   BANK0   BANK1   BANK2   BANK3   BANK4   BANK5
      Params:         0       0       0       0       0       0       0
      Locals:         1       0       0       0       0       0       0
      Temps:          0       0       0       0       0       0       0
      Totals:         1       0       0       0       0       0       0
Total ram usage:        1 bytes
 Hardware stack levels used:    1
 Hardware stack levels required when called:    3
 This function calls:
		Nothing
 This function is called by:
		_main
 This function uses a non-reentrant model


 *************** function _InterruptHandlerHigh *****************
 Defined at:
		line 52 in file "picuno.c"
 Parameters:    Size  Location     Type
		None
 Auto vars:     Size  Location     Type
  dd              2   14[COMRAM] unsigned int 
  i               1   16[COMRAM] unsigned char 
 Return value:  Size  Location     Type
		None               void
 Registers used:
		wreg, fsr2l, fsr2h, status,2, status,0, prodl, prodh, cstack
 Tracked objects:
		On entry : 
		On exit  : 
		Unchanged: 
 Data sizes:     COMRAM   BANK0   BANK1   BANK2   BANK3   BANK4   BANK5
      Params:         0       0       0       0       0       0       0
      Locals:         3       0       0       0       0       0       0
      Temps:         14       0       0       0       0       0       0
      Totals:        17       0       0       0       0       0       0
Total ram usage:       17 bytes
 Hardware stack levels used:    1
 Hardware stack levels required when called:    2
 This function calls:
		_INT0_ISR
		_INT1_ISR
		_INT2_ISR
 This function is called by:
		Interrupt level 2
 This function uses a non-reentrant model


 *************** function _INT2_ISR *****************
 Defined at:
		line 3190 in file "picuno.c"
 Parameters:    Size  Location     Type
		None
 Auto vars:     Size  Location     Type
		None
 Return value:  Size  Location     Type
		None               void
 Registers used:
		wreg, status,2, status,0, cstack
 Tracked objects:
		On entry : 
		On exit  : 
		Unchanged: 
 Data sizes:     COMRAM   BANK0   BANK1   BANK2   BANK3   BANK4   BANK5
      Params:         0       0       0       0       0       0       0
      Locals:         0       0       0       0       0       0       0
      Temps:          0       0       0       0       0       0       0
      Totals:         0       0       0       0       0       0       0
Total ram usage:        0 bytes
 Hardware stack levels used:    1
 Hardware stack levels required when called:    1
 This function calls:
		_INT2_CallBack
 This function is called by:
		_InterruptHandlerHigh
 This function uses a non-reentrant model


 *************** function _INT2_CallBack *****************
 Defined at:
		line 3199 in file "picuno.c"
 Parameters:    Size  Location     Type
		None
 Auto vars:     Size  Location     Type
		None
 Return value:  Size  Location     Type
		None               void
 Registers used:
		wreg, status,2, status,0
 Tracked objects:
		On entry : 
		On exit  : 
		Unchanged: 
 Data sizes:     COMRAM   BANK0   BANK1   BANK2   BANK3   BANK4   BANK5
      Params:         0       0       0       0       0       0       0
      Locals:         0       0       0       0       0       0       0
      Temps:          0       0       0       0       0       0       0
      Totals:         0       0       0       0       0       0       0
Total ram usage:        0 bytes
 Hardware stack levels used:    1
 This function calls:
		Nothing
 This function is called by:
		_INT2_ISR
 This function uses a non-reentrant model


 *************** function _INT1_ISR *****************
 Defined at:
		line 3169 in file "picuno.c"
 Parameters:    Size  Location     Type
		None
 Auto vars:     Size  Location     Type
		None
 Return value:  Size  Location     Type
		None               void
 Registers used:
		wreg, status,2, status,0, cstack
 Tracked objects:
		On entry : 
		On exit  : 
		Unchanged: 
 Data sizes:     COMRAM   BANK0   BANK1   BANK2   BANK3   BANK4   BANK5
      Params:         0       0       0       0       0       0       0
      Locals:         0       0       0       0       0       0       0
      Temps:          0       0       0       0       0       0       0
      Totals:         0       0       0       0       0       0       0
Total ram usage:        0 bytes
 Hardware stack levels used:    1
 Hardware stack levels required when called:    1
 This function calls:
		_INT1_CallBack
 This function is called by:
		_InterruptHandlerHigh
 This function uses a non-reentrant model


 *************** function _INT1_CallBack *****************
 Defined at:
		line 3177 in file "picuno.c"
 Parameters:    Size  Location     Type
		None
 Auto vars:     Size  Location     Type
		None
 Return value:  Size  Location     Type
		None               void
 Registers used:
		wreg, status,2, status,0
 Tracked objects:
		On entry : 
		On exit  : 
		Unchanged: 
 Data sizes:     COMRAM   BANK0   BANK1   BANK2   BANK3   BANK4   BANK5
      Params:         0       0       0       0       0       0       0
      Locals:         0       0       0       0       0       0       0
      Temps:          0       0       0       0       0       0       0
      Totals:         0       0       0       0       0       0       0
Total ram usage:        0 bytes
 Hardware stack levels used:    1
 This function calls:
		Nothing
 This function is called by:
		_INT1_ISR
 This function uses a non-reentrant model


 *************** function _INT0_ISR *****************
 Defined at:
		line 3148 in file "picuno.c"
 Parameters:    Size  Location     Type
		None
 Auto vars:     Size  Location     Type
		None
 Return value:  Size  Location     Type
		None               void
 Registers used:
		wreg, status,2, status,0, cstack
 Tracked objects:
		On entry : 
		On exit  : 
		Unchanged: 
 Data sizes:     COMRAM   BANK0   BANK1   BANK2   BANK3   BANK4   BANK5
      Params:         0       0       0       0       0       0       0
      Locals:         0       0       0       0       0       0       0
      Temps:          0       0       0       0       0       0       0
      Totals:         0       0       0       0       0       0       0
Total ram usage:        0 bytes
 Hardware stack levels used:    1
 Hardware stack levels required when called:    1
 This function calls:
		_INT0_CallBack
 This function is called by:
		_InterruptHandlerHigh
 This function uses a non-reentrant model


 *************** function _INT0_CallBack *****************
 Defined at:
		line 3156 in file "picuno.c"
 Parameters:    Size  Location     Type
		None
 Auto vars:     Size  Location     Type
		None
 Return value:  Size  Location     Type
		None               void
 Registers used:
		wreg, status,2, status,0
 Tracked objects:
		On entry : 
		On exit  : 
		Unchanged: 
 Data sizes:     COMRAM   BANK0   BANK1   BANK2   BANK3   BANK4   BANK5
      Params:         0       0       0       0       0       0       0
      Locals:         0       0       0       0       0       0       0
      Temps:          0       0       0       0       0       0       0
      Totals:         0       0       0       0       0       0       0
Total ram usage:        0 bytes
 Hardware stack levels used:    1
 This function calls:
		Nothing
 This function is called by:
		_INT0_ISR
 This function uses a non-reentrant model



MODULE INFORMATION

Module		Function		Class		Link	Load	Size
C:\Program Files (x86)\Microchip\xc8\v1.33\sources\common\doprnt.c
		_sprintf       		CODE           	0BC2	0000	516

C:\Program Files (x86)\Microchip\xc8\v1.33\sources\common\doprnt.c estimated size: 516

C:\Program Files (x86)\Microchip\xc8\v1.33\sources\common\lwdiv.c
		___lwdiv       		CODE           	11B8	0000	82

C:\Program Files (x86)\Microchip\xc8\v1.33\sources\common\lwdiv.c estimated size: 82

C:\Program Files (x86)\Microchip\xc8\v1.33\sources\common\lldiv.c
		___lldiv       		CODE           	10D8	0000	130

C:\Program Files (x86)\Microchip\xc8\v1.33\sources\common\lldiv.c estimated size: 130

shared
		__stringdata   		SMALLCONST     	0609	0000	106
		__initializatio		CODE           	125C	0000	68
		_hexpowers     		SMALLCONST     	0601	0000	8

shared estimated size: 182

picuno.c
		_init          		CODE           	0FAE	0000	154
		_delay         		CODE           	133C	0000	44
		_sync          		CODE           	1406	0000	12
		_b_i2c_error_fl		CODE           	142E	0000	4
		_Serial_putc   		CODE           	120A	0000	82
		_main          		CODE           	13EE	0000	24
		_Serial_begin  		CODE           	1368	0000	42
		_i2c_idle      		CODE           	13D4	0000	26
		_INT0_CallBack 		CODE           	1438	0000	2
		_task          		CODE           	1432	0000	2
		_Serial_println		CODE           	115A	0000	94
		_INT1_CallBack 		CODE           	1436	0000	2
		_INT2_CallBack 		CODE           	1434	0000	2
		_analogInput   		CODE           	1392	0000	34
		_InterruptHandl		CODE           	0008	0000	654
		_INT0_ISR      		CODE           	1422	0000	8
		_i2c_init      		CODE           	1048	0000	144
		_uart_brg_set  		CODE           	0DC6	0000	314
		_i2c_out       		CODE           	12AA	0000	76
		_pinMode       		CODE           	0674	0000	1358
		_INT1_ISR      		CODE           	141A	0000	8
		_INT2_ISR      		CODE           	1412	0000	8

picuno.c estimated size: 3094

i2c_scanner.c
		_loop          		CODE           	0F00	0000	174
		_setup         		CODE           	12F6	0000	70

i2c_scanner.c estimated size: 244

C:\Program Files (x86)\Microchip\xc8\v1.33\sources\common\isdigit.c
		_isdigit       		CODE           	13B4	0000	32

C:\Program Files (x86)\Microchip\xc8\v1.33\sources\common\isdigit.c estimated size: 32

